[0.938s] Invoking command in '/home/lucia/robot/ros_ws/src/r2': PYTHONPATH=/home/lucia/robot/ros_ws/build/r2/prefix_override:/home/lucia/robot/ros_ws/install/r2/lib/python3.8/site-packages:${PYTHONPATH} /usr/bin/python3 setup.py egg_info --egg-base ../../build/r2 build --build-base /home/lucia/robot/ros_ws/build/r2/build install --record /home/lucia/robot/ros_ws/build/r2/install.log --install-scripts $base/lib/r2 --single-version-externally-managed
[1.152s] running egg_info
[1.152s] writing ../../build/r2/r2.egg-info/PKG-INFO
[1.152s] writing dependency_links to ../../build/r2/r2.egg-info/dependency_links.txt
[1.152s] writing entry points to ../../build/r2/r2.egg-info/entry_points.txt
[1.153s] writing requirements to ../../build/r2/r2.egg-info/requires.txt
[1.153s] writing top-level names to ../../build/r2/r2.egg-info/top_level.txt
[1.184s] reading manifest file '../../build/r2/r2.egg-info/SOURCES.txt'
[1.184s] writing manifest file '../../build/r2/r2.egg-info/SOURCES.txt'
[1.185s] running build
[1.185s] running build_py
[1.185s] copying r2/publisher.py -> /home/lucia/robot/ros_ws/build/r2/build/lib/r2
[1.185s] running install
[1.186s] running install_lib
[1.187s] copying /home/lucia/robot/ros_ws/build/r2/build/lib/r2/publisher.py -> /home/lucia/robot/ros_ws/install/r2/lib/python3.8/site-packages/r2
[1.187s] byte-compiling /home/lucia/robot/ros_ws/install/r2/lib/python3.8/site-packages/r2/publisher.py to publisher.cpython-38.pyc
[1.188s] running install_data
[1.189s] running install_egg_info
[1.190s] removing '/home/lucia/robot/ros_ws/install/r2/lib/python3.8/site-packages/r2-0.0.0-py3.8.egg-info' (and everything under it)
[1.190s] Copying ../../build/r2/r2.egg-info to /home/lucia/robot/ros_ws/install/r2/lib/python3.8/site-packages/r2-0.0.0-py3.8.egg-info
[1.191s] running install_scripts
[1.207s] Installing prt script to /home/lucia/robot/ros_ws/install/r2/lib/r2
[1.207s] Installing pub script to /home/lucia/robot/ros_ws/install/r2/lib/r2
[1.207s] Installing sub script to /home/lucia/robot/ros_ws/install/r2/lib/r2
[1.208s] writing list of installed files to '/home/lucia/robot/ros_ws/build/r2/install.log'
[1.229s] Invoked command in '/home/lucia/robot/ros_ws/src/r2' returned '0': PYTHONPATH=/home/lucia/robot/ros_ws/build/r2/prefix_override:/home/lucia/robot/ros_ws/install/r2/lib/python3.8/site-packages:${PYTHONPATH} /usr/bin/python3 setup.py egg_info --egg-base ../../build/r2 build --build-base /home/lucia/robot/ros_ws/build/r2/build install --record /home/lucia/robot/ros_ws/build/r2/install.log --install-scripts $base/lib/r2 --single-version-externally-managed
