[1.772s] DEBUG:colcon:Command line arguments: ['/usr/bin/colcon', 'build', '--packages-select', 'r2']
[1.772s] DEBUG:colcon:Parsed command line arguments: Namespace(allow_overriding=[], ament_cmake_args=None, base_paths=['.'], build_base='build', catkin_cmake_args=None, catkin_skip_building_tests=False, cmake_args=None, cmake_clean_cache=False, cmake_clean_first=False, cmake_force_configure=False, cmake_target=None, cmake_target_skip_unavailable=False, continue_on_error=False, event_handlers=None, executor='parallel', ignore_user_meta=False, install_base='install', log_base=None, log_level=None, main=<bound method BuildVerb.main of <colcon_core.verb.build.BuildVerb object at 0x7f595a1ff1c0>>, merge_install=False, metas=['./colcon.meta'], packages_above=None, packages_above_and_dependencies=None, packages_above_depth=None, packages_end=None, packages_ignore=None, packages_ignore_regex=None, packages_select=['r2'], packages_select_build_failed=False, packages_select_by_dep=None, packages_select_regex=None, packages_select_test_failures=False, packages_skip=None, packages_skip_build_finished=False, packages_skip_by_dep=None, packages_skip_regex=None, packages_skip_test_passed=False, packages_skip_up_to=None, packages_start=None, packages_up_to=None, packages_up_to_regex=None, parallel_workers=8, paths=None, symlink_install=False, test_result_base=None, verb_extension=<colcon_core.verb.build.BuildVerb object at 0x7f595a1ff1c0>, verb_name='build', verb_parser=<colcon_defaults.argument_parser.defaults.DefaultArgumentsDecorator object at 0x7f5959e50820>)
[1.850s] Level 1:colcon.colcon_core.package_discovery:discover_packages(colcon_meta) check parameters
[1.850s] Level 1:colcon.colcon_core.package_discovery:discover_packages(recursive) check parameters
[1.850s] Level 1:colcon.colcon_core.package_discovery:discover_packages(ignore) check parameters
[1.850s] Level 1:colcon.colcon_core.package_discovery:discover_packages(path) check parameters
[1.850s] Level 1:colcon.colcon_core.package_discovery:discover_packages(colcon_meta) discover
[1.850s] Level 1:colcon.colcon_core.package_discovery:discover_packages(recursive) discover
[1.850s] INFO:colcon.colcon_core.package_discovery:Crawling recursively for packages in '/home/lucia/robot/ros_ws'
[1.850s] Level 1:colcon.colcon_core.package_identification:_identify(.) by extensions ['ignore', 'ignore_ament_install']
[1.850s] Level 1:colcon.colcon_core.package_identification:_identify(.) by extension 'ignore'
[1.850s] Level 1:colcon.colcon_core.package_identification:_identify(.) by extension 'ignore_ament_install'
[1.850s] Level 1:colcon.colcon_core.package_identification:_identify(.) by extensions ['colcon_pkg']
[1.850s] Level 1:colcon.colcon_core.package_identification:_identify(.) by extension 'colcon_pkg'
[1.850s] Level 1:colcon.colcon_core.package_identification:_identify(.) by extensions ['colcon_meta']
[1.850s] Level 1:colcon.colcon_core.package_identification:_identify(.) by extension 'colcon_meta'
[1.850s] Level 1:colcon.colcon_core.package_identification:_identify(.) by extensions ['ros']
[1.850s] Level 1:colcon.colcon_core.package_identification:_identify(.) by extension 'ros'
[1.860s] Level 1:colcon.colcon_core.package_identification:_identify(.) by extensions ['cmake', 'python']
[1.860s] Level 1:colcon.colcon_core.package_identification:_identify(.) by extension 'cmake'
[1.861s] Level 1:colcon.colcon_core.package_identification:_identify(.) by extension 'python'
[1.861s] Level 1:colcon.colcon_core.package_identification:_identify(.) by extensions ['python_setup_py']
[1.861s] Level 1:colcon.colcon_core.package_identification:_identify(.) by extension 'python_setup_py'
[1.861s] Level 1:colcon.colcon_core.package_identification:_identify(build) by extensions ['ignore', 'ignore_ament_install']
[1.861s] Level 1:colcon.colcon_core.package_identification:_identify(build) by extension 'ignore'
[1.861s] Level 1:colcon.colcon_core.package_identification:_identify(build) ignored
[1.861s] Level 1:colcon.colcon_core.package_identification:_identify(install) by extensions ['ignore', 'ignore_ament_install']
[1.861s] Level 1:colcon.colcon_core.package_identification:_identify(install) by extension 'ignore'
[1.861s] Level 1:colcon.colcon_core.package_identification:_identify(install) ignored
[1.861s] Level 1:colcon.colcon_core.package_identification:_identify(launch) by extensions ['ignore', 'ignore_ament_install']
[1.861s] Level 1:colcon.colcon_core.package_identification:_identify(launch) by extension 'ignore'
[1.861s] Level 1:colcon.colcon_core.package_identification:_identify(launch) by extension 'ignore_ament_install'
[1.861s] Level 1:colcon.colcon_core.package_identification:_identify(launch) by extensions ['colcon_pkg']
[1.861s] Level 1:colcon.colcon_core.package_identification:_identify(launch) by extension 'colcon_pkg'
[1.861s] Level 1:colcon.colcon_core.package_identification:_identify(launch) by extensions ['colcon_meta']
[1.861s] Level 1:colcon.colcon_core.package_identification:_identify(launch) by extension 'colcon_meta'
[1.861s] Level 1:colcon.colcon_core.package_identification:_identify(launch) by extensions ['ros']
[1.861s] Level 1:colcon.colcon_core.package_identification:_identify(launch) by extension 'ros'
[1.862s] Level 1:colcon.colcon_core.package_identification:_identify(launch) by extensions ['cmake', 'python']
[1.862s] Level 1:colcon.colcon_core.package_identification:_identify(launch) by extension 'cmake'
[1.862s] Level 1:colcon.colcon_core.package_identification:_identify(launch) by extension 'python'
[1.862s] Level 1:colcon.colcon_core.package_identification:_identify(launch) by extensions ['python_setup_py']
[1.862s] Level 1:colcon.colcon_core.package_identification:_identify(launch) by extension 'python_setup_py'
[1.862s] Level 1:colcon.colcon_core.package_identification:_identify(launch/__pycache__) by extensions ['ignore', 'ignore_ament_install']
[1.862s] Level 1:colcon.colcon_core.package_identification:_identify(launch/__pycache__) by extension 'ignore'
[1.862s] Level 1:colcon.colcon_core.package_identification:_identify(launch/__pycache__) by extension 'ignore_ament_install'
[1.862s] Level 1:colcon.colcon_core.package_identification:_identify(launch/__pycache__) by extensions ['colcon_pkg']
[1.862s] Level 1:colcon.colcon_core.package_identification:_identify(launch/__pycache__) by extension 'colcon_pkg'
[1.862s] Level 1:colcon.colcon_core.package_identification:_identify(launch/__pycache__) by extensions ['colcon_meta']
[1.862s] Level 1:colcon.colcon_core.package_identification:_identify(launch/__pycache__) by extension 'colcon_meta'
[1.862s] Level 1:colcon.colcon_core.package_identification:_identify(launch/__pycache__) by extensions ['ros']
[1.862s] Level 1:colcon.colcon_core.package_identification:_identify(launch/__pycache__) by extension 'ros'
[1.862s] Level 1:colcon.colcon_core.package_identification:_identify(launch/__pycache__) by extensions ['cmake', 'python']
[1.862s] Level 1:colcon.colcon_core.package_identification:_identify(launch/__pycache__) by extension 'cmake'
[1.862s] Level 1:colcon.colcon_core.package_identification:_identify(launch/__pycache__) by extension 'python'
[1.862s] Level 1:colcon.colcon_core.package_identification:_identify(launch/__pycache__) by extensions ['python_setup_py']
[1.862s] Level 1:colcon.colcon_core.package_identification:_identify(launch/__pycache__) by extension 'python_setup_py'
[1.862s] Level 1:colcon.colcon_core.package_identification:_identify(launch/build) by extensions ['ignore', 'ignore_ament_install']
[1.862s] Level 1:colcon.colcon_core.package_identification:_identify(launch/build) by extension 'ignore'
[1.862s] Level 1:colcon.colcon_core.package_identification:_identify(launch/build) ignored
[1.863s] Level 1:colcon.colcon_core.package_identification:_identify(launch/install) by extensions ['ignore', 'ignore_ament_install']
[1.863s] Level 1:colcon.colcon_core.package_identification:_identify(launch/install) by extension 'ignore'
[1.863s] Level 1:colcon.colcon_core.package_identification:_identify(launch/install) ignored
[1.863s] Level 1:colcon.colcon_core.package_identification:_identify(launch/log) by extensions ['ignore', 'ignore_ament_install']
[1.863s] Level 1:colcon.colcon_core.package_identification:_identify(launch/log) by extension 'ignore'
[1.863s] Level 1:colcon.colcon_core.package_identification:_identify(launch/log) ignored
[1.863s] Level 1:colcon.colcon_core.package_identification:_identify(log) by extensions ['ignore', 'ignore_ament_install']
[1.863s] Level 1:colcon.colcon_core.package_identification:_identify(log) by extension 'ignore'
[1.863s] Level 1:colcon.colcon_core.package_identification:_identify(log) ignored
[1.863s] Level 1:colcon.colcon_core.package_identification:_identify(src) by extensions ['ignore', 'ignore_ament_install']
[1.863s] Level 1:colcon.colcon_core.package_identification:_identify(src) by extension 'ignore'
[1.863s] Level 1:colcon.colcon_core.package_identification:_identify(src) by extension 'ignore_ament_install'
[1.863s] Level 1:colcon.colcon_core.package_identification:_identify(src) by extensions ['colcon_pkg']
[1.863s] Level 1:colcon.colcon_core.package_identification:_identify(src) by extension 'colcon_pkg'
[1.863s] Level 1:colcon.colcon_core.package_identification:_identify(src) by extensions ['colcon_meta']
[1.863s] Level 1:colcon.colcon_core.package_identification:_identify(src) by extension 'colcon_meta'
[1.863s] Level 1:colcon.colcon_core.package_identification:_identify(src) by extensions ['ros']
[1.863s] Level 1:colcon.colcon_core.package_identification:_identify(src) by extension 'ros'
[1.863s] Level 1:colcon.colcon_core.package_identification:_identify(src) by extensions ['cmake', 'python']
[1.863s] Level 1:colcon.colcon_core.package_identification:_identify(src) by extension 'cmake'
[1.863s] Level 1:colcon.colcon_core.package_identification:_identify(src) by extension 'python'
[1.864s] Level 1:colcon.colcon_core.package_identification:_identify(src) by extensions ['python_setup_py']
[1.864s] Level 1:colcon.colcon_core.package_identification:_identify(src) by extension 'python_setup_py'
[1.864s] Level 1:colcon.colcon_core.package_identification:_identify(src/r2) by extensions ['ignore', 'ignore_ament_install']
[1.864s] Level 1:colcon.colcon_core.package_identification:_identify(src/r2) by extension 'ignore'
[1.864s] Level 1:colcon.colcon_core.package_identification:_identify(src/r2) by extension 'ignore_ament_install'
[1.864s] Level 1:colcon.colcon_core.package_identification:_identify(src/r2) by extensions ['colcon_pkg']
[1.864s] Level 1:colcon.colcon_core.package_identification:_identify(src/r2) by extension 'colcon_pkg'
[1.864s] Level 1:colcon.colcon_core.package_identification:_identify(src/r2) by extensions ['colcon_meta']
[1.864s] Level 1:colcon.colcon_core.package_identification:_identify(src/r2) by extension 'colcon_meta'
[1.864s] Level 1:colcon.colcon_core.package_identification:_identify(src/r2) by extensions ['ros']
[1.864s] Level 1:colcon.colcon_core.package_identification:_identify(src/r2) by extension 'ros'
[1.866s] DEBUG:colcon.colcon_core.package_identification:Package 'src/r2' with type 'ros.ament_python' and name 'r2'
[1.867s] Level 1:colcon.colcon_core.package_discovery:discover_packages(recursive) using defaults
[1.867s] Level 1:colcon.colcon_core.package_discovery:discover_packages(ignore) discover
[1.867s] Level 1:colcon.colcon_core.package_discovery:discover_packages(ignore) using defaults
[1.867s] Level 1:colcon.colcon_core.package_discovery:discover_packages(path) discover
[1.867s] Level 1:colcon.colcon_core.package_discovery:discover_packages(path) using defaults
[2.041s] Level 1:colcon.colcon_core.package_discovery:discover_packages(prefix_path) check parameters
[2.041s] Level 1:colcon.colcon_core.package_discovery:discover_packages(prefix_path) discover
[2.101s] DEBUG:colcon.colcon_installed_package_information.package_discovery:Found 256 installed packages in /opt/ros/foxy
[2.102s] Level 1:colcon.colcon_core.package_discovery:discover_packages(prefix_path) using defaults
[2.220s] Level 5:colcon.colcon_core.verb:set package 'r2' build argument 'cmake_args' from command line to 'None'
[2.220s] Level 5:colcon.colcon_core.verb:set package 'r2' build argument 'cmake_target' from command line to 'None'
[2.220s] Level 5:colcon.colcon_core.verb:set package 'r2' build argument 'cmake_target_skip_unavailable' from command line to 'False'
[2.220s] Level 5:colcon.colcon_core.verb:set package 'r2' build argument 'cmake_clean_cache' from command line to 'False'
[2.220s] Level 5:colcon.colcon_core.verb:set package 'r2' build argument 'cmake_clean_first' from command line to 'False'
[2.220s] Level 5:colcon.colcon_core.verb:set package 'r2' build argument 'cmake_force_configure' from command line to 'False'
[2.220s] Level 5:colcon.colcon_core.verb:set package 'r2' build argument 'ament_cmake_args' from command line to 'None'
[2.220s] Level 5:colcon.colcon_core.verb:set package 'r2' build argument 'catkin_cmake_args' from command line to 'None'
[2.220s] Level 5:colcon.colcon_core.verb:set package 'r2' build argument 'catkin_skip_building_tests' from command line to 'False'
[2.220s] DEBUG:colcon.colcon_core.verb:Building package 'r2' with the following arguments: {'ament_cmake_args': None, 'build_base': '/home/lucia/robot/ros_ws/build/r2', 'catkin_cmake_args': None, 'catkin_skip_building_tests': False, 'cmake_args': None, 'cmake_clean_cache': False, 'cmake_clean_first': False, 'cmake_force_configure': False, 'cmake_target': None, 'cmake_target_skip_unavailable': False, 'install_base': '/home/lucia/robot/ros_ws/install/r2', 'merge_install': False, 'path': '/home/lucia/robot/ros_ws/src/r2', 'symlink_install': False, 'test_result_base': None}
[2.249s] INFO:colcon.colcon_core.executor:Executing jobs using 'parallel' executor
[2.279s] DEBUG:colcon.colcon_parallel_executor.executor.parallel:run_until_complete
[2.280s] INFO:colcon.colcon_ros.task.ament_python.build:Building ROS package in '/home/lucia/robot/ros_ws/src/r2' with build type 'ament_python'
[2.280s] Level 1:colcon.colcon_core.shell:create_environment_hook('r2', 'ament_prefix_path')
[2.312s] INFO:colcon.colcon_core.plugin_system:Skipping extension 'colcon_core.shell.bat': Not used on non-Windows systems
[2.313s] INFO:colcon.colcon_core.shell:Creating environment hook '/home/lucia/robot/ros_ws/install/r2/share/r2/hook/ament_prefix_path.ps1'
[2.322s] INFO:colcon.colcon_core.shell:Creating environment descriptor '/home/lucia/robot/ros_ws/install/r2/share/r2/hook/ament_prefix_path.dsv'
[2.322s] INFO:colcon.colcon_core.shell:Creating environment hook '/home/lucia/robot/ros_ws/install/r2/share/r2/hook/ament_prefix_path.sh'
[2.353s] INFO:colcon.colcon_core.shell:Skip shell extension 'powershell' for command environment: Not usable outside of PowerShell
[2.353s] DEBUG:colcon.colcon_core.shell:Skip shell extension 'dsv' for command environment
[2.752s] DEBUG:colcon.colcon_parallel_executor.executor.parallel:closing loop
[2.753s] DEBUG:colcon.colcon_parallel_executor.executor.parallel:loop closed
[2.753s] DEBUG:colcon.colcon_parallel_executor.executor.parallel:run_until_complete finished with 'Command '['/usr/bin/python3', '-c', 'import sys;from contextlib import suppress;exec("with suppress(ImportError):    from setuptools.extern.packaging.specifiers    import SpecifierSet");exec("with suppress(ImportError):    from packaging.specifiers import SpecifierSet");from distutils.core import run_setup;dist = run_setup(    \'setup.py\', script_args=(\'--dry-run\',), stop_after=\'config\');skip_keys = (\'cmdclass\', \'distclass\', \'ext_modules\', \'metadata\');data = {    key: value for key, value in dist.__dict__.items()     if (        not key.startswith(\'_\') and         not callable(value) and         key not in skip_keys and         key not in dist.display_option_names    )};data[\'metadata\'] = {    k: v for k, v in dist.metadata.__dict__.items()     if k not in (\'license_files\', \'provides_extras\')};sys.stdout.buffer.write(repr(data).encode(\'utf-8\'))']' returned non-zero exit status 1.'
[2.753s] DEBUG:colcon.colcon_core.event_reactor:joining thread
[2.812s] INFO:colcon.colcon_core.plugin_system:Skipping extension 'colcon_notification.desktop_notification.terminal_notifier': Not used on non-Darwin systems
[2.812s] INFO:colcon.colcon_core.plugin_system:Skipping extension 'colcon_notification.desktop_notification.win32': Not used on non-Windows systems
[2.812s] INFO:colcon.colcon_notification.desktop_notification:Sending desktop notification using 'notify2'
[2.834s] DEBUG:colcon.colcon_core.event_reactor:joined thread
[2.886s] INFO:colcon.colcon_core.shell:Creating prefix script '/home/lucia/robot/ros_ws/install/local_setup.ps1'
[2.887s] INFO:colcon.colcon_core.shell:Creating prefix util module '/home/lucia/robot/ros_ws/install/_local_setup_util_ps1.py'
[2.888s] INFO:colcon.colcon_core.shell:Creating prefix chain script '/home/lucia/robot/ros_ws/install/setup.ps1'
[2.920s] INFO:colcon.colcon_core.shell:Creating prefix script '/home/lucia/robot/ros_ws/install/local_setup.sh'
[2.921s] INFO:colcon.colcon_core.shell:Creating prefix util module '/home/lucia/robot/ros_ws/install/_local_setup_util_sh.py'
[2.921s] INFO:colcon.colcon_core.shell:Creating prefix chain script '/home/lucia/robot/ros_ws/install/setup.sh'
[2.952s] INFO:colcon.colcon_core.shell:Creating prefix script '/home/lucia/robot/ros_ws/install/local_setup.bash'
[2.952s] INFO:colcon.colcon_core.shell:Creating prefix chain script '/home/lucia/robot/ros_ws/install/setup.bash'
[2.983s] INFO:colcon.colcon_core.shell:Creating prefix script '/home/lucia/robot/ros_ws/install/local_setup.zsh'
[2.984s] INFO:colcon.colcon_core.shell:Creating prefix chain script '/home/lucia/robot/ros_ws/install/setup.zsh'
