running egg_info
writing ../../build/r2/r2.egg-info/PKG-INFO
writing dependency_links to ../../build/r2/r2.egg-info/dependency_links.txt
writing entry points to ../../build/r2/r2.egg-info/entry_points.txt
writing requirements to ../../build/r2/r2.egg-info/requires.txt
writing top-level names to ../../build/r2/r2.egg-info/top_level.txt
reading manifest file '../../build/r2/r2.egg-info/SOURCES.txt'
writing manifest file '../../build/r2/r2.egg-info/SOURCES.txt'
running build
running build_py
running install
running install_lib
running install_data
running install_egg_info
removing '/home/lucia/robot/ros_ws/install/r2/lib/python3.8/site-packages/r2-0.0.0-py3.8.egg-info' (and everything under it)
Copying ../../build/r2/r2.egg-info to /home/lucia/robot/ros_ws/install/r2/lib/python3.8/site-packages/r2-0.0.0-py3.8.egg-info
running install_scripts
Installing prt script to /home/lucia/robot/ros_ws/install/r2/lib/r2
Installing pub script to /home/lucia/robot/ros_ws/install/r2/lib/r2
Installing sub script to /home/lucia/robot/ros_ws/install/r2/lib/r2
writing list of installed files to '/home/lucia/robot/ros_ws/build/r2/install.log'
