[1.026s] Invoking command in '/home/lucia/robot/ros_ws/src/r2': PYTHONPATH=/home/lucia/robot/ros_ws/build/r2/prefix_override:/home/lucia/robot/ros_ws/install/r2/lib/python3.8/site-packages:${PYTHONPATH} /usr/bin/python3 setup.py egg_info --egg-base ../../build/r2 build --build-base /home/lucia/robot/ros_ws/build/r2/build install --record /home/lucia/robot/ros_ws/build/r2/install.log --install-scripts $base/lib/r2 --single-version-externally-managed
[1.227s] running egg_info
[1.227s] writing ../../build/r2/r2.egg-info/PKG-INFO
[1.227s] writing dependency_links to ../../build/r2/r2.egg-info/dependency_links.txt
[1.227s] writing entry points to ../../build/r2/r2.egg-info/entry_points.txt
[1.227s] writing requirements to ../../build/r2/r2.egg-info/requires.txt
[1.227s] writing top-level names to ../../build/r2/r2.egg-info/top_level.txt
[1.261s] reading manifest file '../../build/r2/r2.egg-info/SOURCES.txt'
[1.262s] writing manifest file '../../build/r2/r2.egg-info/SOURCES.txt'
[1.262s] running build
[1.262s] running build_py
[1.262s] running install
[1.263s] running install_lib
[1.264s] running install_data
[1.264s] running install_egg_info
[1.267s] removing '/home/lucia/robot/ros_ws/install/r2/lib/python3.8/site-packages/r2-0.0.0-py3.8.egg-info' (and everything under it)
[1.267s] Copying ../../build/r2/r2.egg-info to /home/lucia/robot/ros_ws/install/r2/lib/python3.8/site-packages/r2-0.0.0-py3.8.egg-info
[1.268s] running install_scripts
[1.286s] writing list of installed files to '/home/lucia/robot/ros_ws/build/r2/install.log'
[1.311s] Invoked command in '/home/lucia/robot/ros_ws/src/r2' returned '0': PYTHONPATH=/home/lucia/robot/ros_ws/build/r2/prefix_override:/home/lucia/robot/ros_ws/install/r2/lib/python3.8/site-packages:${PYTHONPATH} /usr/bin/python3 setup.py egg_info --egg-base ../../build/r2 build --build-base /home/lucia/robot/ros_ws/build/r2/build install --record /home/lucia/robot/ros_ws/build/r2/install.log --install-scripts $base/lib/r2 --single-version-externally-managed
