[0.982s] Invoking command in '/home/lucia/robot/ros_ws/src/r2': PYTHONPATH=/home/lucia/robot/ros_ws/build/r2/prefix_override:/home/lucia/robot/ros_ws/install/r2/lib/python3.8/site-packages:${PYTHONPATH} /usr/bin/python3 setup.py egg_info --egg-base ../../build/r2 build --build-base /home/lucia/robot/ros_ws/build/r2/build install --record /home/lucia/robot/ros_ws/build/r2/install.log --install-scripts $base/lib/r2 --single-version-externally-managed
[1.172s] running egg_info
[1.172s] creating ../../build/r2/r2.egg-info
[1.172s] writing ../../build/r2/r2.egg-info/PKG-INFO
[1.172s] writing dependency_links to ../../build/r2/r2.egg-info/dependency_links.txt
[1.172s] writing entry points to ../../build/r2/r2.egg-info/entry_points.txt
[1.173s] writing requirements to ../../build/r2/r2.egg-info/requires.txt
[1.173s] writing top-level names to ../../build/r2/r2.egg-info/top_level.txt
[1.175s] writing manifest file '../../build/r2/r2.egg-info/SOURCES.txt'
[1.207s] reading manifest file '../../build/r2/r2.egg-info/SOURCES.txt'
[1.208s] writing manifest file '../../build/r2/r2.egg-info/SOURCES.txt'
[1.208s] running build
[1.208s] running build_py
[1.208s] creating /home/lucia/robot/ros_ws/build/r2/build
[1.208s] creating /home/lucia/robot/ros_ws/build/r2/build/lib
[1.208s] creating /home/lucia/robot/ros_ws/build/r2/build/lib/r2
[1.208s] copying r2/__init__.py -> /home/lucia/robot/ros_ws/build/r2/build/lib/r2
[1.208s] copying r2/printer.py -> /home/lucia/robot/ros_ws/build/r2/build/lib/r2
[1.208s] running install
[1.209s] running install_lib
[1.211s] creating /home/lucia/robot/ros_ws/install/r2/lib/python3.8/site-packages/r2
[1.211s] copying /home/lucia/robot/ros_ws/build/r2/build/lib/r2/__init__.py -> /home/lucia/robot/ros_ws/install/r2/lib/python3.8/site-packages/r2
[1.211s] copying /home/lucia/robot/ros_ws/build/r2/build/lib/r2/printer.py -> /home/lucia/robot/ros_ws/install/r2/lib/python3.8/site-packages/r2
[1.211s] byte-compiling /home/lucia/robot/ros_ws/install/r2/lib/python3.8/site-packages/r2/__init__.py to __init__.cpython-38.pyc
[1.213s] byte-compiling /home/lucia/robot/ros_ws/install/r2/lib/python3.8/site-packages/r2/printer.py to printer.cpython-38.pyc
[1.213s] running install_data
[1.213s] creating /home/lucia/robot/ros_ws/install/r2/share/ament_index
[1.214s] creating /home/lucia/robot/ros_ws/install/r2/share/ament_index/resource_index
[1.214s] creating /home/lucia/robot/ros_ws/install/r2/share/ament_index/resource_index/packages
[1.214s] copying resource/r2 -> /home/lucia/robot/ros_ws/install/r2/share/ament_index/resource_index/packages
[1.214s] copying package.xml -> /home/lucia/robot/ros_ws/install/r2/share/r2
[1.214s] running install_egg_info
[1.215s] Copying ../../build/r2/r2.egg-info to /home/lucia/robot/ros_ws/install/r2/lib/python3.8/site-packages/r2-0.0.0-py3.8.egg-info
[1.216s] running install_scripts
[1.233s] writing list of installed files to '/home/lucia/robot/ros_ws/build/r2/install.log'
[1.260s] Invoked command in '/home/lucia/robot/ros_ws/src/r2' returned '0': PYTHONPATH=/home/lucia/robot/ros_ws/build/r2/prefix_override:/home/lucia/robot/ros_ws/install/r2/lib/python3.8/site-packages:${PYTHONPATH} /usr/bin/python3 setup.py egg_info --egg-base ../../build/r2 build --build-base /home/lucia/robot/ros_ws/build/r2/build install --record /home/lucia/robot/ros_ws/build/r2/install.log --install-scripts $base/lib/r2 --single-version-externally-managed
