[1.009s] Invoking command in '/home/lucia/robot/ros_ws/src/r2': PYTHONPATH=/home/lucia/robot/ros_ws/build/r2/prefix_override:/home/lucia/robot/ros_ws/install/r2/lib/python3.8/site-packages:${PYTHONPATH} /usr/bin/python3 setup.py egg_info --egg-base ../../build/r2 build --build-base /home/lucia/robot/ros_ws/build/r2/build install --record /home/lucia/robot/ros_ws/build/r2/install.log --install-scripts $base/lib/r2 --single-version-externally-managed
[1.228s] running egg_info
[1.229s] writing ../../build/r2/r2.egg-info/PKG-INFO
[1.229s] writing dependency_links to ../../build/r2/r2.egg-info/dependency_links.txt
[1.229s] writing entry points to ../../build/r2/r2.egg-info/entry_points.txt
[1.229s] writing requirements to ../../build/r2/r2.egg-info/requires.txt
[1.229s] writing top-level names to ../../build/r2/r2.egg-info/top_level.txt
[1.262s] reading manifest file '../../build/r2/r2.egg-info/SOURCES.txt'
[1.263s] writing manifest file '../../build/r2/r2.egg-info/SOURCES.txt'
[1.263s] running build
[1.263s] running build_py
[1.263s] copying r2/printer.py -> /home/lucia/robot/ros_ws/build/r2/build/lib/r2
[1.264s] running install
[1.264s] running install_lib
[1.265s] copying /home/lucia/robot/ros_ws/build/r2/build/lib/r2/printer.py -> /home/lucia/robot/ros_ws/install/r2/lib/python3.8/site-packages/r2
[1.265s] byte-compiling /home/lucia/robot/ros_ws/install/r2/lib/python3.8/site-packages/r2/printer.py to printer.cpython-38.pyc
[1.267s] running install_data
[1.267s] running install_egg_info
[1.269s] removing '/home/lucia/robot/ros_ws/install/r2/lib/python3.8/site-packages/r2-0.0.0-py3.8.egg-info' (and everything under it)
[1.269s] Copying ../../build/r2/r2.egg-info to /home/lucia/robot/ros_ws/install/r2/lib/python3.8/site-packages/r2-0.0.0-py3.8.egg-info
[1.269s] running install_scripts
[1.288s] Installing prt script to /home/lucia/robot/ros_ws/install/r2/lib/r2
[1.288s] writing list of installed files to '/home/lucia/robot/ros_ws/build/r2/install.log'
[1.316s] Invoked command in '/home/lucia/robot/ros_ws/src/r2' returned '0': PYTHONPATH=/home/lucia/robot/ros_ws/build/r2/prefix_override:/home/lucia/robot/ros_ws/install/r2/lib/python3.8/site-packages:${PYTHONPATH} /usr/bin/python3 setup.py egg_info --egg-base ../../build/r2 build --build-base /home/lucia/robot/ros_ws/build/r2/build install --record /home/lucia/robot/ros_ws/build/r2/install.log --install-scripts $base/lib/r2 --single-version-externally-managed
